=========================================================================
======                     MicroDrop version 1.01                   =====
=========================================================================
Started at: Fri Jun 26 12:28:17 2026

Parameter values used in execution:

DATA_FILE	./input/temp2_11.microdrop.txt	 # Data file name (-d)
INDS	44	 # Number of individuals (-i)
LOCI	49	 # Number of loci (-l)
NON_DATA_ROWS	1	 # Number of non-data rows (-u)
NON_DATA_COLS	2	 # Number of non-data columns (-v)
OUT_FOLDER	temp2_11_results	 # Output folder name (-o)
TOLERANCE	0.001	 # Tolerance for assessing the convergence (-s)
MAX_ITER	10000	 # Maximum number of EM iterations (-t)
MAX_ALLELES	100	 # Maximum number of distinct alleles (-k)
N_PERMU	100	 # Number of permutations (-x)
N_REPS	3	 # Number of EM replications (-r)
N_IMPT	4	 # Number of imputed datasets (-m)
ASMPT	0	 # Population genetic assumption (-a)
FCTR	0	 # Dropout factor assumption (-f)

Step 1: checking correlation bewteen missing data and homozygotes

Pearson correlation across individuals:
	 R=0.218313	 P-value=0.1
Pearson correlation across loci:
	 R=0.0154606	 P-value=0.44

Step 2: estimating parameters using EM algorithm

EM	t	rho(t-1)	rho(t)  	logL(t-1)	logL(t)
rep-1	62	0.000020	0.000017	-1951.147	-1951.146
rep-2	63	0.000028	0.000025	-1951.146	-1951.145
rep-3	63	0.000030	0.000027	-1951.147	-1951.146

Results from rep-2 have been picked as MLEs.
MLEs have been output to files in folder 'temp2_11_results'.

Step 3: generating imputed datasets based on MLEs from step 2

4 imputed datasets have been output to folder 'temp2_11_results/Imputed_Data'.

Finished at: Fri Jun 26 12:28:17 2026
=========================================================================
