=========================================================================
======                     MicroDrop version 1.01                   =====
=========================================================================
Started at: Mon Jul 20 07:49:39 2026

Parameter values used in execution:

DATA_FILE	./input/temp2_10.microdrop.txt	 # Data file name (-d)
INDS	31	 # Number of individuals (-i)
LOCI	49	 # Number of loci (-l)
NON_DATA_ROWS	1	 # Number of non-data rows (-u)
NON_DATA_COLS	2	 # Number of non-data columns (-v)
OUT_FOLDER	temp2_10_results	 # Output folder name (-o)
TOLERANCE	0.001	 # Tolerance for assessing the convergence (-s)
MAX_ITER	10000	 # Maximum number of EM iterations (-t)
MAX_ALLELES	100	 # Maximum number of distinct alleles (-k)
N_PERMU	100	 # Number of permutations (-x)
N_REPS	3	 # Number of EM replications (-r)
N_IMPT	4	 # Number of imputed datasets (-m)
ASMPT	0	 # Population genetic assumption (-a)
FCTR	0	 # Dropout factor assumption (-f)

Step 1: checking correlation bewteen missing data and homozygotes

Pearson correlation across individuals:
	 R=-nan	 P-value<0.01
Pearson correlation across loci:
	 R=-nan	 P-value<0.01

Step 2: estimating parameters using EM algorithm

EM	t	rho(t-1)	rho(t)  	logL(t-1)	logL(t)
rep-1	59	0.000007	0.000006	-1037.133	-1037.132
rep-2	59	0.000017	0.000014	-1037.131	-1037.13
rep-3	61	0.000014	0.000012	-1037.131	-1037.13

Results from rep-2 have been picked as MLEs.
MLEs have been output to files in folder 'temp2_10_results'.

Step 3: generating imputed datasets based on MLEs from step 2

4 imputed datasets have been output to folder 'temp2_10_results/Imputed_Data'.

Finished at: Mon Jul 20 07:49:39 2026
=========================================================================
